{"diagramId":"1f94fb97-622a-47bb-9cb2-40a3425c80b9","status":"Recebido","message":"Arquivo enviado com sucesso e processamento iniciado."}
